// Jest Snapshot v1, https://goo.gl/fbAQLP

exports[`App Component should render snapshot correctly 1`] = `
<div
  className="App"
>
  <header
    className="App-header"
  >
    <img
      alt="logo"
      className="App-logo"
      src="logo.svg"
    />
    <h1
      className="App-title"
    >
      Test Driven Development
    </h1>
  </header>
  <div
    className="page-cart"
  >
    <div
      className="header"
    >
      <img
        alt="logo"
        className="header-logo"
        src="logo.svg"
      />
      <h3
        className="header-title"
      >
        React Shopping Cart
      </h3>
    </div>
    <div
      className="price"
    >
      总价：0
    </div>
    <div
      className="list"
    />
  </div>
</div>
`;
