// Jest Snapshot v1, https://goo.gl/fbAQLP

exports[`App Component renders correctly 1`] = `
<div
  className="App"
>
  <header
    className="App-header"
  >
    <img
      alt="logo"
      className="App-logo"
      src="logo.svg"
    />
    <h1
      className="App-title"
    >
      Welcome 
      React
      !
    </h1>
    <h2>
      1
    </h2>
  </header>
  <p
    className="App-intro"
  >
    <button
      onClick={[Function]}
    >
      +1
    </button>
    To get started, edit 
    <code>
      src/App.js
    </code>
     and save to reload.
  </p>
  <div>
    <div>
      <h1>
        React Shopping Cart
      </h1>
    </div>
    <div
      className="price"
    >
      总价：
      0
    </div>
    <div>
      <button
        className="add"
        onClick={[Function]}
      >
        添加商品
      </button>
      <div
        className="backdrop"
        onClick={[Function]}
      />
      <form
        onSubmit={[Function]}
        style={
          Object {
            "display": "none",
          }
        }
      >
        <h3>
          添加商品
        </h3>
        <input
          onChange={[Function]}
          placeholder="请输入商品编号"
          type="text"
          value=""
        />
        <button
          className="confirm"
          type="submit"
          value="Submit"
        >
          确定
        </button>
      </form>
    </div>
  </div>
</div>
`;
